// Jest Snapshot v1, https://goo.gl/fbAQLP

exports[`renders correctly 1`] = `
<View
  style={
    Object {
      "backgroundColor": "#89D2DC",
      "flex": 1,
      "paddingLeft": 75,
      "paddingRight": 75,
      "textAlign": "left",
    }
  }
>
  <Text
    style={
      Object {
        "color": "#101D42",
        "fontSize": 40.019999999999996,
        "fontWeight": "bold",
        "marginTop": 75,
      }
    }
  >
    
  </Text>
  <Text
    style={
      Object {
        "color": "#101D42",
        "fontSize": 40.019999999999996,
        "fontWeight": "bold",
        "marginTop": 75,
      }
    }
  >
    Season: 
    0
  </Text>
  <RCTScrollView
    data={Array []}
    disableVirtualization={false}
    getItem={[Function]}
    getItemCount={[Function]}
    horizontal={false}
    initialNumToRender={10}
    keyExtractor={[Function]}
    maxToRenderPerBatch={10}
    numColumns={1}
    onContentSizeChange={[Function]}
    onEndReachedThreshold={2}
    onLayout={[Function]}
    onMomentumScrollEnd={[Function]}
    onScroll={[Function]}
    onScrollBeginDrag={[Function]}
    onScrollEndDrag={[Function]}
    removeClippedSubviews={false}
    renderItem={[Function]}
    scrollEventThrottle={50}
    stickyHeaderIndices={Array []}
    updateCellsBatchingPeriod={50}
    viewabilityConfigCallbackPairs={Array []}
    windowSize={21}
  >
    <View />
  </RCTScrollView>
</View>
`;
