// Jest Snapshot v1, https://goo.gl/fbAQLP

exports[`renders correctly 1`] = `
<View
  style={
    Object {
      "backgroundColor": "#89D2DC",
      "flex": 1,
      "paddingLeft": 75,
      "paddingRight": 75,
      "textAlign": "left",
    }
  }
>
  <Text
    style={
      Object {
        "color": "#101D42",
        "fontSize": 40.019999999999996,
        "fontWeight": "bold",
        "marginTop": 75,
      }
    }
  >
    Welcome to React Native!
  </Text>
  <View
    accessible={true}
    isTVSelectable={true}
    onResponderGrant={[Function]}
    onResponderMove={[Function]}
    onResponderRelease={[Function]}
    onResponderTerminate={[Function]}
    onResponderTerminationRequest={[Function]}
    onStartShouldSetResponder={[Function]}
    style={
      Object {
        "alignItems": "center",
        "backgroundColor": "#89D2DC",
        "borderBottomWidth": 1.5,
        "borderColor": "#101D42",
        "flexDirection": "row",
        "height": 100.05,
        "opacity": 1,
      }
    }
  >
    <Text
      style={
        Object {
          "color": "#101D42",
        }
      }
    >
      Parks and Recreation
    </Text>
  </View>
  <View
    accessible={true}
    isTVSelectable={true}
    onResponderGrant={[Function]}
    onResponderMove={[Function]}
    onResponderRelease={[Function]}
    onResponderTerminate={[Function]}
    onResponderTerminationRequest={[Function]}
    onStartShouldSetResponder={[Function]}
    style={
      Object {
        "alignItems": "center",
        "backgroundColor": "#89D2DC",
        "borderBottomWidth": 1.5,
        "borderColor": "#101D42",
        "flexDirection": "row",
        "height": 100.05,
        "opacity": 1,
      }
    }
  >
    <Text
      style={
        Object {
          "color": "#101D42",
        }
      }
    >
      The Good PLace
    </Text>
  </View>
  <View
    accessible={true}
    isTVSelectable={true}
    onResponderGrant={[Function]}
    onResponderMove={[Function]}
    onResponderRelease={[Function]}
    onResponderTerminate={[Function]}
    onResponderTerminationRequest={[Function]}
    onStartShouldSetResponder={[Function]}
    style={
      Object {
        "alignItems": "center",
        "backgroundColor": "#89D2DC",
        "borderBottomWidth": 1.5,
        "borderColor": "#101D42",
        "flexDirection": "row",
        "height": 100.05,
        "opacity": 1,
      }
    }
  >
    <Text
      style={
        Object {
          "color": "#101D42",
        }
      }
    >
      The Office
    </Text>
  </View>
</View>
`;
